Last login: Tue Sep 23 10:17:35 on ttys000
MacBook-Pro-van-Niels:~ nielsvandenbout$ cd desktop
MacBook-Pro-van-Niels:desktop nielsvandenbout$ mkdir toetsVersiebeheer
MacBook-Pro-van-Niels:desktop nielsvandenbout$ git status
fatal: Not a git repository (or any of the parent directories): .git
MacBook-Pro-van-Niels:desktop nielsvandenbout$ cd toetsVersiebeheer
MacBook-Pro-van-Niels:toetsVersiebeheer nielsvandenbout$ git.init
-bash: git.init: command not found
MacBook-Pro-van-Niels:toetsVersiebeheer nielsvandenbout$ git init
Initialized empty Git repository in /Users/nielsvandenbout/Desktop/toetsVersiebeheer/.git/
MacBook-Pro-van-Niels:toetsVersiebeheer nielsvandenbout$ git status
On branch master

Initial commit

nothing to commit (create/copy files and use "git add" to track)
MacBook-Pro-van-Niels:toetsVersiebeheer nielsvandenbout$ git add https://github.com/N1ELSS/toetsVersiebeheer.git
fatal: pathspec 'https://github.com/N1ELSS/toetsVersiebeheer.git' did not match any files
MacBook-Pro-van-Niels:toetsVersiebeheer nielsvandenbout$ git remote https://github.com/N1ELSS/toetsVersiebeheer.git
error: Unknown subcommand: https://github.com/N1ELSS/toetsVersiebeheer.git
usage: git remote [-v | --verbose]
   or: git remote add [-t <branch>] [-m <master>] [-f] [--tags|--no-tags] [--mirror=<fetch|push>] <name> <url>
   or: git remote rename <old> <new>
   or: git remote remove <name>
   or: git remote set-head <name> (-a | --auto | -d | --delete |<branch>)
   or: git remote [-v | --verbose] show [-n] <name>
   or: git remote prune [-n | --dry-run] <name>
   or: git remote [-v | --verbose] update [-p | --prune] [(<group> | <remote>)...]
   or: git remote set-branches [--add] <name> <branch>...
   or: git remote set-url [--push] <name> <newurl> [<oldurl>]
   or: git remote set-url --add <name> <newurl>
   or: git remote set-url --delete <name> <url>

    -v, --verbose         be verbose; must be placed before a subcommand

MacBook-Pro-van-Niels:toetsVersiebeheer nielsvandenbout$ git remote -v https://github.com/N1ELSS/toetsVersiebeheer.git
error: Unknown subcommand: https://github.com/N1ELSS/toetsVersiebeheer.git
usage: git remote [-v | --verbose]
   or: git remote add [-t <branch>] [-m <master>] [-f] [--tags|--no-tags] [--mirror=<fetch|push>] <name> <url>
   or: git remote rename <old> <new>
   or: git remote remove <name>
   or: git remote set-head <name> (-a | --auto | -d | --delete |<branch>)
   or: git remote [-v | --verbose] show [-n] <name>
   or: git remote prune [-n | --dry-run] <name>
   or: git remote [-v | --verbose] update [-p | --prune] [(<group> | <remote>)...]
   or: git remote set-branches [--add] <name> <branch>...
   or: git remote set-url [--push] <name> <newurl> [<oldurl>]
   or: git remote set-url --add <name> <newurl>
   or: git remote set-url --delete <name> <url>

    -v, --verbose         be verbose; must be placed before a subcommand

MacBook-Pro-van-Niels:toetsVersiebeheer nielsvandenbout$ git remote -m https://github.com/N1ELSS/toetsVersiebeheer.git
error: unknown switch `m'
usage: git remote [-v | --verbose]
   or: git remote add [-t <branch>] [-m <master>] [-f] [--tags|--no-tags] [--mirror=<fetch|push>] <name> <url>
   or: git remote rename <old> <new>
   or: git remote remove <name>
   or: git remote set-head <name> (-a | --auto | -d | --delete |<branch>)
   or: git remote [-v | --verbose] show [-n] <name>
   or: git remote prune [-n | --dry-run] <name>
   or: git remote [-v | --verbose] update [-p | --prune] [(<group> | <remote>)...]
   or: git remote set-branches [--add] <name> <branch>...
   or: git remote set-url [--push] <name> <newurl> [<oldurl>]
   or: git remote set-url --add <name> <newurl>
   or: git remote set-url --delete <name> <url>

    -v, --verbose         be verbose; must be placed before a subcommand

MacBook-Pro-van-Niels:toetsVersiebeheer nielsvandenbout$ git remote add origin https://github.com/N1ELSS/toetsVersiebeheer.git
MacBook-Pro-van-Niels:toetsVersiebeheer nielsvandenbout$ touch index.html
MacBook-Pro-van-Niels:toetsVersiebeheer nielsvandenbout$ git add index.html
MacBook-Pro-van-Niels:toetsVersiebeheer nielsvandenbout$ nano index.html
MacBook-Pro-van-Niels:toetsVersiebeheer nielsvandenbout$ nano index.html
MacBook-Pro-van-Niels:toetsVersiebeheer nielsvandenbout$ git commit index.html
[master (root-commit) 659429c] citaat toegevoegd
 Committer: Niels Van den bout <nielsvandenbout@MacBook-Pro-van-Niels.local>
Your name and email address were configured automatically based
on your username and hostname. Please check that they are accurate.
You can suppress this message by setting them explicitly:

    git config --global user.name "Your Name"
    git config --global user.email you@example.com

After doing this, you may fix the identity used for this commit with:

    git commit --amend --reset-author

 1 file changed, 10 insertions(+)
 create mode 100644 index.html
MacBook-Pro-van-Niels:toetsVersiebeheer nielsvandenbout$ git status
On branch master
nothing to commit, working directory clean
MacBook-Pro-van-Niels:toetsVersiebeheer nielsvandenbout$ git commit index.html
On branch master
nothing to commit, working directory clean
MacBook-Pro-van-Niels:toetsVersiebeheer nielsvandenbout$ git commit index.html
On branch master
nothing to commit, working directory clean
MacBook-Pro-van-Niels:toetsVersiebeheer nielsvandenbout$ add branch zandbak
-bash: add: command not found
MacBook-Pro-van-Niels:toetsVersiebeheer nielsvandenbout$ git add branch zandbak
fatal: pathspec 'branch' did not match any files
MacBook-Pro-van-Niels:toetsVersiebeheer nielsvandenbout$ git branch zandbak
MacBook-Pro-van-Niels:toetsVersiebeheer nielsvandenbout$ git zandbak
git: 'zandbak' is not a git command. See 'git --help'.
MacBook-Pro-van-Niels:toetsVersiebeheer nielsvandenbout$ git --help
usage: git [--version] [--help] [-C <path>] [-c name=value]
           [--exec-path[=<path>]] [--html-path] [--man-path] [--info-path]
           [-p|--paginate|--no-pager] [--no-replace-objects] [--bare]
           [--git-dir=<path>] [--work-tree=<path>] [--namespace=<name>]
           <command> [<args>]

The most commonly used git commands are:
   add        Add file contents to the index
   bisect     Find by binary search the change that introduced a bug
   branch     List, create, or delete branches
   checkout   Checkout a branch or paths to the working tree
   clone      Clone a repository into a new directory
   commit     Record changes to the repository
   diff       Show changes between commits, commit and working tree, etc
   fetch      Download objects and refs from another repository
   grep       Print lines matching a pattern
   init       Create an empty Git repository or reinitialize an existing one
   log        Show commit logs
   merge      Join two or more development histories together
   mv         Move or rename a file, a directory, or a symlink
   pull       Fetch from and integrate with another repository or a local branch
   push       Update remote refs along with associated objects
   rebase     Forward-port local commits to the updated upstream head
   reset      Reset current HEAD to the specified state
   rm         Remove files from the working tree and from the index
   show       Show various types of objects
   status     Show the working tree status
   tag        Create, list, delete or verify a tag object signed with GPG

'git help -a' and 'git help -g' lists available subcommands and some
concept guides. See 'git help <command>' or 'git help <concept>'
to read about a specific subcommand or concept.
MacBook-Pro-van-Niels:toetsVersiebeheer nielsvandenbout$ git -- help branch
Unknown option: --
usage: git [--version] [--help] [-C <path>] [-c name=value]
           [--exec-path[=<path>]] [--html-path] [--man-path] [--info-path]
           [-p|--paginate|--no-pager] [--no-replace-objects] [--bare]
           [--git-dir=<path>] [--work-tree=<path>] [--namespace=<name>]
           <command> [<args>]
MacBook-Pro-van-Niels:toetsVersiebeheer nielsvandenbout$ git help branch
MacBook-Pro-van-Niels:toetsVersiebeheer nielsvandenbout$ 
MacBook-Pro-van-Niels:toetsVersiebeheer nielsvandenbout$ git branch zandbak
fatal: A branch named 'zandbak' already exists.
MacBook-Pro-van-Niels:toetsVersiebeheer nielsvandenbout$ git open zandbak
git: 'open' is not a git command. See 'git --help'.

Did you mean one of these?
	clean
	clone
	notes
	prune
MacBook-Pro-van-Niels:toetsVersiebeheer nielsvandenbout$ cd zandbak
-bash: cd: zandbak: No such file or directory
MacBook-Pro-van-Niels:toetsVersiebeheer nielsvandenbout$ git cd zandbak
git: 'cd' is not a git command. See 'git --help'.

Did you mean this?
	add
MacBook-Pro-van-Niels:toetsVersiebeheer nielsvandenbout$ git commit index.html
On branch master
nothing to commit, working directory clean
MacBook-Pro-van-Niels:toetsVersiebeheer nielsvandenbout$ git status
On branch master
nothing to commit, working directory clean
MacBook-Pro-van-Niels:toetsVersiebeheer nielsvandenbout$ cd .
MacBook-Pro-van-Niels:toetsVersiebeheer nielsvandenbout$ cd ..
MacBook-Pro-van-Niels:desktop nielsvandenbout$ cd ..
MacBook-Pro-van-Niels:~ nielsvandenbout$ cd desktop
MacBook-Pro-van-Niels:desktop nielsvandenbout$ mkdir toetsVersiebeheer
MacBook-Pro-van-Niels:desktop nielsvandenbout$ git status
fatal: Not a git repository (or any of the parent directories): .git
MacBook-Pro-van-Niels:desktop nielsvandenbout$ git add repository
fatal: Not a git repository (or any of the parent directories): .git
MacBook-Pro-van-Niels:desktop nielsvandenbout$ git add toetsVersiebeheer
fatal: Not a git repository (or any of the parent directories): .git
MacBook-Pro-van-Niels:desktop nielsvandenbout$ git toetsVersiebeheer
git: 'toetsVersiebeheer' is not a git command. See 'git --help'.
MacBook-Pro-van-Niels:desktop nielsvandenbout$ git init toetsVersiebeheer
Initialized empty Git repository in /Users/nielsvandenbout/Desktop/toetsVersiebeheer/.git/
MacBook-Pro-van-Niels:desktop nielsvandenbout$ git remote add origin https://github.com/N1ELSS/toetsVersiebeheer.git
fatal: Not a git repository (or any of the parent directories): .git
MacBook-Pro-van-Niels:desktop nielsvandenbout$ git remote add origin https://github.com/N1ELSS/toetsVersiebeheer.git
fatal: Not a git repository (or any of the parent directories): .git
MacBook-Pro-van-Niels:desktop nielsvandenbout$ git remote add origin https://github.com/N1ELSS/toetsVersiebeheer.git
fatal: Not a git repository (or any of the parent directories): .git
MacBook-Pro-van-Niels:desktop nielsvandenbout$ cd toetsVersiebeheer
MacBook-Pro-van-Niels:toetsVersiebeheer nielsvandenbout$ git remote add origin https://github.com/N1ELSS/toetsVersiebeheer.git
MacBook-Pro-van-Niels:toetsVersiebeheer nielsvandenbout$ touch index.html
MacBook-Pro-van-Niels:toetsVersiebeheer nielsvandenbout$ git commit index.html
error: pathspec 'index.html' did not match any file(s) known to git.
MacBook-Pro-van-Niels:toetsVersiebeheer nielsvandenbout$ git commit index.html
error: pathspec 'index.html' did not match any file(s) known to git.
MacBook-Pro-van-Niels:toetsVersiebeheer nielsvandenbout$ touch index.html
MacBook-Pro-van-Niels:toetsVersiebeheer nielsvandenbout$ git commit
On branch master

Initial commit

Untracked files:
	index.html

nothing added to commit but untracked files present
MacBook-Pro-van-Niels:toetsVersiebeheer nielsvandenbout$ git commit index.html
error: pathspec 'index.html' did not match any file(s) known to git.
MacBook-Pro-van-Niels:toetsVersiebeheer nielsvandenbout$ git index.html
git: 'index.html' is not a git command. See 'git --help'.
MacBook-Pro-van-Niels:toetsVersiebeheer nielsvandenbout$ git add index.html
MacBook-Pro-van-Niels:toetsVersiebeheer nielsvandenbout$ git commit index.html
[master (root-commit) 2233132] index pagina toegevoegd
 Committer: Niels Van den bout <nielsvandenbout@MacBook-Pro-van-Niels.local>
Your name and email address were configured automatically based
on your username and hostname. Please check that they are accurate.
You can suppress this message by setting them explicitly:

    git config --global user.name "Your Name"
    git config --global user.email you@example.com

After doing this, you may fix the identity used for this commit with:

    git commit --amend --reset-author

 1 file changed, 0 insertions(+), 0 deletions(-)
 create mode 100644 index.html
MacBook-Pro-van-Niels:toetsVersiebeheer nielsvandenbout$ nano index.html
MacBook-Pro-van-Niels:toetsVersiebeheer nielsvandenbout$ 
MacBook-Pro-van-Niels:toetsVersiebeheer nielsvandenbout$ git commit index.html
[master 6a2138f] citaat toegevoegd
 Committer: Niels Van den bout <nielsvandenbout@MacBook-Pro-van-Niels.local>
Your name and email address were configured automatically based
on your username and hostname. Please check that they are accurate.
You can suppress this message by setting them explicitly:

    git config --global user.name "Your Name"
    git config --global user.email you@example.com

After doing this, you may fix the identity used for this commit with:

    git commit --amend --reset-author

 1 file changed, 10 insertions(+)
MacBook-Pro-van-Niels:toetsVersiebeheer nielsvandenbout$ 
MacBook-Pro-van-Niels:toetsVersiebeheer nielsvandenbout$ git branch zandbak
MacBook-Pro-van-Niels:toetsVersiebeheer nielsvandenbout$ git status
On branch master
nothing to commit, working directory clean
MacBook-Pro-van-Niels:toetsVersiebeheer nielsvandenbout$ git switch branch zandbak
git: 'switch' is not a git command. See 'git --help'.
MacBook-Pro-van-Niels:toetsVersiebeheer nielsvandenbout$ git branch zandbak
fatal: A branch named 'zandbak' already exists.
MacBook-Pro-van-Niels:toetsVersiebeheer nielsvandenbout$ git add zandbak
fatal: pathspec 'zandbak' did not match any files
MacBook-Pro-van-Niels:toetsVersiebeheer nielsvandenbout$ git checkout master
Already on 'master'
MacBook-Pro-van-Niels:toetsVersiebeheer nielsvandenbout$ git checkout zandbak
Switched to branch 'zandbak'
MacBook-Pro-van-Niels:toetsVersiebeheer nielsvandenbout$ git add unknown.jpeg
MacBook-Pro-van-Niels:toetsVersiebeheer nielsvandenbout$ nano index.html
MacBook-Pro-van-Niels:toetsVersiebeheer nielsvandenbout$ nano index.html
MacBook-Pro-van-Niels:toetsVersiebeheer nielsvandenbout$ nano index.html
MacBook-Pro-van-Niels:toetsVersiebeheer nielsvandenbout$ nano index.html
MacBook-Pro-van-Niels:toetsVersiebeheer nielsvandenbout$ git commit index.html
[zandbak cc1794c] foto toegevoegd
 Committer: Niels Van den bout <nielsvandenbout@MacBook-Pro-van-Niels.local>
Your name and email address were configured automatically based
on your username and hostname. Please check that they are accurate.
You can suppress this message by setting them explicitly:

    git config --global user.name "Your Name"
    git config --global user.email you@example.com

After doing this, you may fix the identity used for this commit with:

    git commit --amend --reset-author

 1 file changed, 1 insertion(+)
MacBook-Pro-van-Niels:toetsVersiebeheer nielsvandenbout$ git checkout master
Switched to branch 'master'
MacBook-Pro-van-Niels:toetsVersiebeheer nielsvandenbout$ nano index.html
MacBook-Pro-van-Niels:toetsVersiebeheer nielsvandenbout$ git commit index.html
[master 2adae5e] citaat van de dag toegevoegd
 Committer: Niels Van den bout <nielsvandenbout@MacBook-Pro-van-Niels.local>
Your name and email address were configured automatically based
on your username and hostname. Please check that they are accurate.
You can suppress this message by setting them explicitly:

    git config --global user.name "Your Name"
    git config --global user.email you@example.com

After doing this, you may fix the identity used for this commit with:

    git commit --amend --reset-author

 1 file changed, 1 insertion(+)
MacBook-Pro-van-Niels:toetsVersiebeheer nielsvandenbout$ git rebase
There is no tracking information for the current branch.
Please specify which branch you want to rebase against.
See git-rebase(1) for details

    git rebase <branch>

If you wish to set tracking information for this branch you can do so with:

    git branch --set-upstream-to=origin/<branch> master

MacBook-Pro-van-Niels:toetsVersiebeheer nielsvandenbout$ git rebase zandbak
First, rewinding head to replay your work on top of it...
Applying: citaat van de dag toegevoegd
MacBook-Pro-van-Niels:toetsVersiebeheer nielsvandenbout$ git merge zandbak master
Already up-to-date.
MacBook-Pro-van-Niels:toetsVersiebeheer nielsvandenbout$ git merge master zandbak
Already up-to-date.
MacBook-Pro-van-Niels:toetsVersiebeheer nielsvandenbout$ 
